
> 2nd-year-nursing-quiz@0.1.0 build
> next build

  Γû▓ Next.js 14.2.35
  - Environments: .env.local

   Creating an optimized production build ...
 Γ£ô Compiled successfully
   Linting and checking validity of types ...
   Collecting page data ...
   Generating static pages (0/12) ...
   Generating static pages (3/12) 
   Generating static pages (6/12) 
   Generating static pages (9/12) 
 Γ£ô Generating static pages (12/12)
   Finalizing page optimization ...
   Collecting build traces ...

Route (app)                              Size     First Load JS
Γöî Γùï /                                    1.44 kB         101 kB
Γö£ Γùï /_not-found                          873 B          88.4 kB
Γö£ Γùï /admin                               4.8 kB          104 kB
Γö£ ╞Æ /api/admin/results                   0 B                0 B
Γö£ ╞Æ /api/candidates                      0 B                0 B
Γö£ ╞Æ /api/submit                          0 B                0 B
Γö£ Γùï /instructions                        7.54 kB        95.1 kB
Γö£ Γùï /quiz                                9.4 kB           97 kB
Γöö Γùï /results                             7.88 kB        95.4 kB
+ First Load JS shared by all            87.5 kB
  Γö£ chunks/117-59e030f1b0f89043.js       31.7 kB
  Γö£ chunks/fd9d1056-42a1c2df9c4a85a8.js  53.6 kB
  Γöö other shared chunks (total)          2.18 kB


Γùï  (Static)   prerendered as static content
╞Æ  (Dynamic)  server-rendered on demand

